
> geospatial-operational-world-model@0.6.2 verify:sql
> node scripts/verify-sql.mjs

SQL AST PASS 001_initial_schema.sql
SQL AST PASS 002_views_and_functions.sql
SQL AST PASS 003_situation_observer.sql
SQL AST PASS 004_geography_indexes.sql
SQL AST PASS 005_situation_rank_indexes.sql
SQL AST PASS 006_observation_altitude.sql
SQL AST PASS 007_active_relation_uniqueness.sql
SQL AST PASS 008_h3_pg.sql
SQL AST PASS 009_gowm_plus_canonical_evidence_and_mobility.sql
SQL AST PASS 010_unified_stas_contracts_roles_and_coverage.sql
SQL AST PASS 011_capability_gateway_persistence.sql
SQL AST PASS 012_gowm_spatial_v1_read_contract.sql
SQL AST PASS 013_world_query_runtime_persistence.sql
SQL AST PASS 014_capability_runtime_service_principals.sql
SQL AST PASS 015_world_query_claim_runtime_fix.sql
SQL AST PASS 016_capability_port_path_contract_fix.sql
SQL AST PASS 017_reference_identity_catalog.sql
SQL AST PASS 018_reference_resolution_candidate_dedup.sql
SQL AST PASS 019_dataset_layer_feature_catalog.sql
SQL AST PASS 020_grounding_catalog_provider_runtime.sql
SQL AST PASS 021_reference_resolution_exact_match_precedence.sql
SQL AST PASS 022_derived_result_registry.sql
SQL AST PASS 023_world_evidence_read_contract.sql
SQL AST PASS 024_grounding_replay_audit.sql
SQL AST PASS 025_external_correlation_claims.sql
SQL AST PASS 026_operational_event_store.sql
SQL AST PASS 027_operational_task_projection.sql
SQL AST PASS 028_operational_correlation_resolver.sql
SQL AST PASS 029_operational_reality_read_contract.sql
SQL AST PASS 030_external_predicate_evaluation.sql
SQL AST PASS 031_operational_observability.sql
SQL AST PASS 032_operational_analysis_findings_replay.sql
SQL AST PASS 033_network_graph_catalog.sql
SQL AST PASS 034_network_topology.sql
SQL AST PASS 035_network_turns_and_bindings.sql
SQL AST PASS 036_network_profiles_and_costs.sql
SQL AST PASS 037_network_conditions.sql
SQL AST PASS 038_network_build_and_activation.sql
SQL AST PASS 039_gowm_network_v1_read_contract.sql
SQL AST PASS 040_network_builder_schema_usage.sql
SQL AST PASS 041_network_builder_catalog_validation_security.sql
SQL AST PASS 042_network_profile_condition_contract_alignment.sql
SQL AST PASS 043_network_atomic_activation_management.sql
SQL AST PASS 044_network_arc_heading_read_contract.sql
SQL AST PASS 045_route_runtime.sql
SQL AST PASS 046_route_result_publication.sql
SQL AST PASS 047_network_avoid_area_read_contract.sql
SQL AST PASS 048_coverage_planner_schema.sql
SQL AST PASS 049_coverage_planner_controlled_runtime.sql
SQL AST PASS 050_network_coverage_selection_read_contract.sql
SQL AST PASS 051_coverage_async_job_lifecycle.sql
SQL AST PASS 052_coverage_gateway_result_integration.sql
SQL AST PASS 053_fix_coverage_request_owned_hash_identity.sql
SQL AST PASS 054_coverage_attempt_generation_reclaim.sql
SQL AST PASS 055_network_boundary_crossing_read_contract.sql
SQL AST PASS 056_coverage_artifact_and_geojson_read_contract.sql
SQL AST PASS 057_platform_validation_snapshot_contract.sql
SQL AST PASS 058_platform_validation_authority.sql
SQL AST PASS 059_coverage_area_reference_read_contract.sql
SQL AST PASS 060_route_runtime_login_transaction_mode.sql
SQL AST PASS tests/001_v12_assertions.sql
SQL AST PASS tests/002_capability_gateway_assertions.sql
SQL AST PASS tests/003_gowm_spatial_v1_assertions.sql
SQL AST PASS tests/004_foundation_processing_receipt_assertions.sql
SQL AST PASS tests/005_world_query_persistence_assertions.sql
SQL AST PASS tests/006_capability_runtime_principal_assertions.sql
SQL AST PASS tests/007_reference_identity_catalog_assertions.sql
SQL AST PASS tests/008_dataset_layer_feature_catalog_assertions.sql
SQL AST PASS tests/009_reference_search_projection_assertions.sql
SQL AST PASS tests/010_grounding_catalog_provider_runtime_assertions.sql
SQL AST PASS tests/011_derived_result_registry_assertions.sql
SQL AST PASS tests/012_world_evidence_read_contract_assertions.sql
SQL AST PASS tests/013_grounding_security_replay_assertions.sql
SQL AST PASS tests/014_external_correlation_claim_assertions.sql
SQL AST PASS tests/015_operational_event_store_assertions.sql
SQL AST PASS tests/016_operational_projection_assertions.sql
SQL AST PASS tests/017_operational_correlation_assertions.sql
SQL AST PASS tests/018_operational_read_contract_assertions.sql
SQL AST PASS tests/019_external_predicate_evaluation_assertions.sql
SQL AST PASS tests/020_operational_observability_assertions.sql
SQL AST PASS tests/021_operational_analysis_findings_replay_assertions.sql
SQL AST PASS tests/022_pgrouting_runtime_assertions.sql
SQL AST PASS tests/023_network_schema_assertions.sql
SQL AST PASS tests/024_gowm_network_v1_assertions.sql
SQL AST PASS tests/025_network_builder_schema_usage_assertions.sql
SQL AST PASS tests/026_network_builder_catalog_validation_security_assertions.sql
SQL AST PASS tests/027_network_profile_condition_contract_assertions.sql
SQL AST PASS tests/028_network_atomic_activation_management_assertions.sql
SQL AST PASS tests/029_network_arc_heading_read_contract_assertions.sql
SQL AST PASS tests/030_route_runtime_assertions.sql
SQL AST PASS tests/031_route_result_publication_assertions.sql
SQL AST PASS tests/032_network_avoid_area_read_contract_assertions.sql
SQL AST PASS tests/033_coverage_planner_schema_assertions.sql
SQL AST PASS tests/034_coverage_planner_runtime_assertions.sql
SQL AST PASS tests/035_network_coverage_selection_read_contract_assertions.sql
SQL AST PASS tests/036_coverage_async_job_assertions.sql
SQL AST PASS tests/037_coverage_gateway_result_assertions.sql
SQL AST PASS tests/038_coverage_request_owned_hash_identity_assertions.sql
SQL AST PASS tests/039_coverage_attempt_reclaim_assertions.sql
SQL AST PASS tests/040_network_boundary_crossing_assertions.sql
SQL AST PASS tests/041_coverage_artifact_geojson_assertions.sql
SQL AST PASS tests/042_platform_validation_snapshot_contract_assertions.sql
SQL AST PASS tests/043_platform_validation_authority_assertions.sql
